\BOOKMARK [0][-]{chapter*.1}{\376\377\000D\000e\000c\000l\000a\000r\000a\000t\000i\000o\000n\000\040\000o\000f\000\040\000A\000u\000t\000h\000e\000n\000t\000i\000c\000i\000t\000y}{}% 1
\BOOKMARK [0][-]{chapter*.2}{\376\377\000A\000c\000k\000n\000o\000w\000l\000e\000d\000g\000e\000m\000e\000n\000t\000s}{}% 2
\BOOKMARK [0][-]{chapter*.3}{\376\377\000W\000o\000r\000k\000\040\000C\000o\000n\000t\000r\000i\000b\000u\000t\000i\000o\000n}{}% 3
\BOOKMARK [0][-]{chapter*.5}{\376\377\000A\000b\000s\000t\000r\000a\000c\000t}{}% 4
\BOOKMARK [0][-]{chapter*.6}{\376\377\000C\000h\000a\000p\000t\000e\000r\000\040\000S\000u\000m\000m\000a\000r\000y}{}% 5
\BOOKMARK [0][-]{section*.8}{\376\377\000L\000i\000s\000t\000\040\000o\000f\000\040\000F\000i\000g\000u\000r\000e\000s}{}% 6
\BOOKMARK [0][-]{section*.10}{\376\377\000L\000i\000s\000t\000\040\000o\000f\000\040\000T\000a\000b\000l\000e\000s}{}% 7
\BOOKMARK [0][-]{chapter*.12}{\376\377\000L\000i\000s\000t\000\040\000o\000f\000\040\000A\000b\000b\000r\000e\000v\000i\000a\000t\000i\000o\000n\000s}{}% 8
\BOOKMARK [0][-]{chapter.1}{\376\377\000I\000n\000t\000r\000o\000d\000u\000c\000t\000i\000o\000n}{}% 9
\BOOKMARK [1][-]{section.1.1}{\376\377\000M\000o\000t\000i\000v\000a\000t\000i\000o\000n}{chapter.1}% 10
\BOOKMARK [1][-]{section.1.2}{\376\377\000O\000b\000j\000e\000c\000t\000i\000v\000e\000s}{chapter.1}% 11
\BOOKMARK [1][-]{section.1.3}{\376\377\000S\000c\000o\000p\000e}{chapter.1}% 12
\BOOKMARK [1][-]{section.1.4}{\376\377\000L\000i\000m\000i\000t\000a\000t\000i\000o\000n\000s}{chapter.1}% 13
\BOOKMARK [-1][-]{part.1}{\376\377\000I\000\040\000T\000h\000e\000\040\000P\000e\000r\000s\000o\000n\000\040\000S\000e\000a\000r\000c\000h\000\040\000A\000p\000p\000l\000i\000c\000a\000t\000i\000o\000n}{}% 14
\BOOKMARK [0][-]{chapter.2}{\376\377\000R\000e\000l\000a\000t\000e\000d\000\040\000S\000y\000s\000t\000e\000m\000s}{part.1}% 15
\BOOKMARK [1][-]{section.2.1}{\376\377\000E\000x\000i\000s\000t\000i\000n\000g\000\040\000S\000y\000s\000t\000e\000m\000s\000\040\000o\000n\000\040\000t\000h\000e\000\040\000M\000a\000r\000k\000e\000t}{chapter.2}% 16
\BOOKMARK [2][-]{subsection.2.1.1}{\376\377\000B\000r\000i\000e\000f\000C\000a\000m}{section.2.1}% 17
\BOOKMARK [2][-]{subsection.2.1.2}{\376\377\000A\000v\000i\000g\000i\000l\000o\000n\000\040\000A\000p\000p\000e\000a\000r\000a\000n\000c\000e\000\040\000S\000e\000a\000r\000c\000h}{section.2.1}% 18
\BOOKMARK [2][-]{subsection.2.1.3}{\376\377\000V\000e\000r\000k\000a\000d\000a\000\040\000A\000I\000-\000P\000o\000w\000e\000r\000e\000d\000\040\000S\000e\000a\000r\000c\000h}{section.2.1}% 19
\BOOKMARK [1][-]{section.2.2}{\376\377\000C\000o\000m\000p\000a\000r\000i\000s\000o\000n\000\040\000a\000n\000d\000\040\000D\000i\000s\000c\000u\000s\000s\000i\000o\000n}{chapter.2}% 20
\BOOKMARK [1][-]{section.2.3}{\376\377\000D\000e\000v\000e\000l\000o\000p\000m\000e\000n\000t\000\040\000D\000i\000r\000e\000c\000t\000i\000o\000n\000s}{chapter.2}% 21
\BOOKMARK [0][-]{chapter.3}{\376\377\000T\000h\000e\000o\000r\000e\000t\000i\000c\000a\000l\000\040\000B\000a\000c\000k\000g\000r\000o\000u\000n\000d}{part.1}% 22
\BOOKMARK [1][-]{section.3.1}{\376\377\000P\000e\000r\000s\000o\000n\000\040\000S\000e\000a\000r\000c\000h\000\040\000a\000n\000d\000\040\000C\000r\000o\000s\000s\000-\000M\000o\000d\000a\000l\000\040\000R\000e\000t\000r\000i\000e\000v\000a\000l}{chapter.3}% 23
\BOOKMARK [2][-]{subsection.3.1.1}{\376\377\000P\000r\000o\000b\000l\000e\000m\000\040\000S\000t\000a\000t\000e\000m\000e\000n\000t}{section.3.1}% 24
\BOOKMARK [2][-]{subsection.3.1.2}{\376\377\000T\000h\000r\000e\000e\000\040\000F\000o\000r\000m\000s\000\040\000o\000f\000\040\000Q\000u\000e\000r\000y}{section.3.1}% 25
\BOOKMARK [2][-]{subsection.3.1.3}{\376\377\000A\000p\000p\000r\000o\000a\000c\000h\000\040\000o\000f\000\040\000t\000h\000e\000\040\000P\000r\000o\000j\000e\000c\000t}{section.3.1}% 26
\BOOKMARK [1][-]{section.3.2}{\376\377\000P\000e\000r\000s\000o\000n\000\040\000D\000e\000t\000e\000c\000t\000i\000o\000n}{chapter.3}% 27
\BOOKMARK [2][-]{subsection.3.2.1}{\376\377\000O\000b\000j\000e\000c\000t\000\040\000D\000e\000t\000e\000c\000t\000i\000o\000n}{section.3.2}% 28
\BOOKMARK [2][-]{subsection.3.2.2}{\376\377\000T\000w\000o\000-\000S\000t\000a\000g\000e\000\040\000a\000n\000d\000\040\000O\000n\000e\000-\000S\000t\000a\000g\000e\000\040\000D\000e\000t\000e\000c\000t\000o\000r\000s}{section.3.2}% 29
\BOOKMARK [2][-]{subsection.3.2.3}{\376\377\000T\000h\000e\000\040\000Y\000O\000L\000O\000\040\000F\000a\000m\000i\000l\000y}{section.3.2}% 30
\BOOKMARK [2][-]{subsection.3.2.4}{\376\377\000P\000o\000s\000t\000-\000P\000r\000o\000c\000e\000s\000s\000i\000n\000g\000:\000\040\000C\000o\000n\000f\000i\000d\000e\000n\000c\000e\000\040\000T\000h\000r\000e\000s\000h\000o\000l\000d\000\040\000a\000n\000d\000\040\000D\000u\000p\000l\000i\000c\000a\000t\000e\000\040\000R\000e\000m\000o\000v\000a\000l}{section.3.2}% 31
\BOOKMARK [2][-]{subsection.3.2.5}{\376\377\000R\000o\000l\000e\000\040\000o\000f\000\040\000D\000e\000t\000e\000c\000t\000i\000o\000n\000\040\000i\000n\000\040\000t\000h\000e\000\040\000S\000y\000s\000t\000e\000m}{section.3.2}% 32
\BOOKMARK [1][-]{section.3.3}{\376\377\000M\000u\000l\000t\000i\000-\000O\000b\000j\000e\000c\000t\000\040\000T\000r\000a\000c\000k\000i\000n\000g}{chapter.3}% 33
\BOOKMARK [2][-]{subsection.3.3.1}{\376\377\000P\000r\000o\000b\000l\000e\000m\000\040\000a\000n\000d\000\040\000B\000a\000s\000i\000c\000\040\000C\000o\000m\000p\000o\000n\000e\000n\000t\000s}{section.3.3}% 34
\BOOKMARK [2][-]{subsection.3.3.2}{\376\377\000B\000y\000t\000e\000T\000r\000a\000c\000k}{section.3.3}% 35
\BOOKMARK [2][-]{subsection.3.3.3}{\376\377\000B\000o\000T\000-\000S\000O\000R\000T}{section.3.3}% 36
\BOOKMARK [2][-]{subsection.3.3.4}{\376\377\000T\000r\000a\000c\000k\000\040\000L\000i\000f\000e\000\040\000C\000y\000c\000l\000e\000\040\000i\000n\000\040\000t\000h\000e\000\040\000S\000y\000s\000t\000e\000m}{section.3.3}% 37
\BOOKMARK [1][-]{section.3.4}{\376\377\000F\000r\000a\000m\000e\000\040\000S\000a\000m\000p\000l\000i\000n\000g}{chapter.3}% 38
\BOOKMARK [1][-]{section.3.5}{\376\377\000J\000o\000i\000n\000t\000\040\000I\000m\000a\000g\000e\000-\000T\000e\000x\000t\000\040\000R\000e\000p\000r\000e\000s\000e\000n\000t\000a\000t\000i\000o\000n\000\040\000L\000e\000a\000r\000n\000i\000n\000g}{chapter.3}% 39
\BOOKMARK [2][-]{subsection.3.5.1}{\376\377\000J\000o\000i\000n\000t\000\040\000E\000m\000b\000e\000d\000d\000i\000n\000g\000\040\000S\000p\000a\000c\000e\000\040\000a\000n\000d\000\040\000C\000o\000n\000t\000r\000a\000s\000t\000i\000v\000e\000\040\000L\000e\000a\000r\000n\000i\000n\000g}{section.3.5}% 40
\BOOKMARK [2][-]{subsection.3.5.2}{\376\377\000T\000h\000e\000\040\000R\000a\000S\000a\000\040\000M\000o\000d\000e\000l}{section.3.5}% 41
\BOOKMARK [2][-]{subsection.3.5.3}{\376\377\000U\000s\000e\000\040\000o\000f\000\040\000R\000a\000S\000a\000\040\000i\000n\000\040\000t\000h\000e\000\040\000S\000y\000s\000t\000e\000m}{section.3.5}% 42
\BOOKMARK [1][-]{section.3.6}{\376\377\000V\000e\000c\000t\000o\000r\000\040\000S\000e\000a\000r\000c\000h}{chapter.3}% 43
\BOOKMARK [2][-]{subsection.3.6.1}{\376\377\000N\000e\000a\000r\000e\000s\000t\000\040\000N\000e\000i\000g\000h\000b\000o\000u\000r\000\040\000S\000e\000a\000r\000c\000h\000\040\000a\000n\000d\000\040\000t\000h\000e\000\040\000H\000N\000S\000W\000\040\000I\000n\000d\000e\000x}{section.3.6}% 44
\BOOKMARK [2][-]{subsection.3.6.2}{\376\377\000V\000e\000c\000t\000o\000r\000\040\000S\000e\000a\000r\000c\000h\000\040\000w\000i\000t\000h\000\040\000F\000i\000l\000t\000e\000r\000s}{section.3.6}% 45
\BOOKMARK [2][-]{subsection.3.6.3}{\376\377\000V\000e\000c\000t\000o\000r\000\040\000S\000e\000a\000r\000c\000h\000\040\000i\000n\000\040\000t\000h\000e\000\040\000S\000y\000s\000t\000e\000m}{section.3.6}% 46
\BOOKMARK [1][-]{section.3.7}{\376\377\000R\000T\000S\000P\000\040\000a\000n\000d\000\040\000C\000a\000m\000e\000r\000a\000\040\000S\000t\000r\000e\000a\000m\000\040\000S\000i\000m\000u\000l\000a\000t\000i\000o\000n}{chapter.3}% 47
\BOOKMARK [2][-]{subsection.3.7.1}{\376\377\000H\000.\0002\0006\0004\000\040\000C\000o\000m\000p\000r\000e\000s\000s\000e\000d\000\040\000V\000i\000d\000e\000o}{section.3.7}% 48
\BOOKMARK [2][-]{subsection.3.7.2}{\376\377\000R\000T\000S\000P\000\040\000a\000n\000d\000\040\000R\000T\000P}{section.3.7}% 49
\BOOKMARK [2][-]{subsection.3.7.3}{\376\377\000S\000i\000m\000u\000l\000a\000t\000i\000n\000g\000\040\000C\000a\000m\000e\000r\000a\000s\000\040\000w\000i\000t\000h\000\040\000a\000\040\000S\000t\000r\000e\000a\000m\000i\000n\000g\000\040\000S\000e\000r\000v\000e\000r}{section.3.7}% 50
\BOOKMARK [2][-]{subsection.3.7.4}{\376\377\000R\000e\000c\000e\000i\000v\000i\000n\000g\000\040\000R\000T\000S\000P\000\040\000S\000t\000r\000e\000a\000m\000s\000\040\000i\000n\000\040\000t\000h\000e\000\040\000S\000y\000s\000t\000e\000m}{section.3.7}% 51
\BOOKMARK [0][-]{chapter.4}{\376\377\000S\000y\000s\000t\000e\000m\000\040\000A\000n\000a\000l\000y\000s\000i\000s}{part.1}% 52
\BOOKMARK [1][-]{section.4.1}{\376\377\000A\000c\000t\000o\000r\000s}{chapter.4}% 53
\BOOKMARK [2][-]{subsection.4.1.1}{\376\377\000A\000d\000m\000i\000n\000i\000s\000t\000r\000a\000t\000o\000r}{section.4.1}% 54
\BOOKMARK [2][-]{subsection.4.1.2}{\376\377\000O\000p\000e\000r\000a\000t\000o\000r}{section.4.1}% 55
\BOOKMARK [2][-]{subsection.4.1.3}{\376\377\000V\000i\000e\000w\000e\000r}{section.4.1}% 56
\BOOKMARK [2][-]{subsection.4.1.4}{\376\377\000P\000r\000i\000n\000c\000i\000p\000l\000e\000s\000\040\000o\000f\000\040\000R\000o\000l\000e\000\040\000S\000e\000p\000a\000r\000a\000t\000i\000o\000n}{section.4.1}% 57
\BOOKMARK [1][-]{section.4.2}{\376\377\000F\000u\000n\000c\000t\000i\000o\000n\000a\000l\000\040\000R\000e\000q\000u\000i\000r\000e\000m\000e\000n\000t\000s}{chapter.4}% 58
\BOOKMARK [2][-]{subsection.4.2.1}{\376\377\000C\000o\000m\000m\000o\000n\000\040\000F\000u\000n\000c\000t\000i\000o\000n\000s}{section.4.2}% 59
\BOOKMARK [2][-]{subsection.4.2.2}{\376\377\000A\000d\000m\000i\000n\000i\000s\000t\000r\000a\000t\000o\000r\000\040\000F\000u\000n\000c\000t\000i\000o\000n\000s}{section.4.2}% 60
\BOOKMARK [2][-]{subsection.4.2.3}{\376\377\000O\000p\000e\000r\000a\000t\000o\000r\000\040\000F\000u\000n\000c\000t\000i\000o\000n\000s}{section.4.2}% 61
\BOOKMARK [2][-]{subsection.4.2.4}{\376\377\000V\000i\000e\000w\000e\000r\000\040\000F\000u\000n\000c\000t\000i\000o\000n\000s}{section.4.2}% 62
\BOOKMARK [2][-]{subsection.4.2.5}{\376\377\000A\000u\000t\000o\000m\000a\000t\000i\000c\000\040\000S\000y\000s\000t\000e\000m\000\040\000F\000u\000n\000c\000t\000i\000o\000n\000s}{section.4.2}% 63
\BOOKMARK [1][-]{section.4.3}{\376\377\000N\000o\000n\000-\000F\000u\000n\000c\000t\000i\000o\000n\000a\000l\000\040\000R\000e\000q\000u\000i\000r\000e\000m\000e\000n\000t\000s}{chapter.4}% 64
\BOOKMARK [2][-]{subsection.4.3.1}{\376\377\000S\000e\000c\000u\000r\000i\000t\000y\000\040\000a\000n\000d\000\040\000A\000c\000c\000e\000s\000s\000\040\000C\000o\000n\000t\000r\000o\000l}{section.4.3}% 65
\BOOKMARK [2][-]{subsection.4.3.2}{\376\377\000D\000a\000t\000a\000\040\000I\000n\000t\000e\000g\000r\000i\000t\000y\000\040\000a\000n\000d\000\040\000R\000e\000c\000o\000v\000e\000r\000a\000b\000i\000l\000i\000t\000y}{section.4.3}% 66
\BOOKMARK [2][-]{subsection.4.3.3}{\376\377\000P\000e\000r\000f\000o\000r\000m\000a\000n\000c\000e\000\040\000a\000n\000d\000\040\000R\000e\000s\000o\000u\000r\000c\000e\000s}{section.4.3}% 67
\BOOKMARK [2][-]{subsection.4.3.4}{\376\377\000T\000r\000a\000c\000e\000a\000b\000i\000l\000i\000t\000y\000,\000\040\000U\000s\000a\000b\000i\000l\000i\000t\000y\000\040\000a\000n\000d\000\040\000M\000a\000i\000n\000t\000a\000i\000n\000a\000b\000i\000l\000i\000t\000y}{section.4.3}% 68
\BOOKMARK [1][-]{section.4.4}{\376\377\000U\000s\000e\000\040\000C\000a\000s\000e\000\040\000D\000i\000a\000g\000r\000a\000m}{chapter.4}% 69
\BOOKMARK [1][-]{section.4.5}{\376\377\000U\000s\000e\000\040\000C\000a\000s\000e\000\040\000S\000p\000e\000c\000i\000f\000i\000c\000a\000t\000i\000o\000n\000s}{chapter.4}% 70
\BOOKMARK [1][-]{section.4.6}{\376\377\000P\000e\000r\000m\000i\000s\000s\000i\000o\000n\000\040\000M\000a\000t\000r\000i\000x}{chapter.4}% 71
\BOOKMARK [0][-]{chapter.5}{\376\377\000S\000y\000s\000t\000e\000m\000\040\000D\000e\000s\000i\000g\000n}{part.1}% 72
\BOOKMARK [1][-]{section.5.1}{\376\377\000S\000y\000s\000t\000e\000m\000\040\000A\000r\000c\000h\000i\000t\000e\000c\000t\000u\000r\000e}{chapter.5}% 73
\BOOKMARK [2][-]{subsection.5.1.1}{\376\377\000C\000o\000m\000p\000o\000n\000e\000n\000t\000s}{section.5.1}% 74
\BOOKMARK [2][-]{subsection.5.1.2}{\376\377\000D\000e\000s\000i\000g\000n\000\040\000P\000r\000i\000n\000c\000i\000p\000l\000e\000s}{section.5.1}% 75
\BOOKMARK [1][-]{section.5.2}{\376\377\000M\000a\000i\000n\000\040\000P\000r\000o\000c\000e\000s\000s\000i\000n\000g\000\040\000F\000l\000o\000w\000s}{chapter.5}% 76
\BOOKMARK [2][-]{subsection.5.2.1}{\376\377\000C\000a\000m\000e\000r\000a\000\040\000D\000a\000t\000a\000\040\000P\000r\000o\000c\000e\000s\000s\000i\000n\000g\000\040\000F\000l\000o\000w}{section.5.2}% 77
\BOOKMARK [2][-]{subsection.5.2.2}{\376\377\000R\000e\000p\000r\000e\000s\000e\000n\000t\000a\000t\000i\000v\000e\000\040\000F\000r\000a\000m\000e\000\040\000S\000e\000l\000e\000c\000t\000i\000o\000n}{section.5.2}% 78
\BOOKMARK [2][-]{subsection.5.2.3}{\376\377\000S\000e\000a\000r\000c\000h\000\040\000F\000l\000o\000w}{section.5.2}% 79
\BOOKMARK [2][-]{subsection.5.2.4}{\376\377\000C\000a\000s\000e\000\040\000M\000a\000n\000a\000g\000e\000m\000e\000n\000t\000\040\000F\000l\000o\000w}{section.5.2}% 80
\BOOKMARK [1][-]{section.5.3}{\376\377\000D\000a\000t\000a\000b\000a\000s\000e\000\040\000D\000e\000s\000i\000g\000n}{chapter.5}% 81
\BOOKMARK [2][-]{subsection.5.3.1}{\376\377\000R\000e\000l\000a\000t\000i\000o\000n\000a\000l\000\040\000D\000a\000t\000a\000b\000a\000s\000e}{section.5.3}% 82
\BOOKMARK [2][-]{subsection.5.3.2}{\376\377\000F\000e\000a\000t\000u\000r\000e\000\040\000V\000e\000c\000t\000o\000r\000\040\000S\000t\000o\000r\000a\000g\000e}{section.5.3}% 83
\BOOKMARK [2][-]{subsection.5.3.3}{\376\377\000F\000r\000a\000m\000e\000\040\000S\000t\000o\000r\000a\000g\000e}{section.5.3}% 84
\BOOKMARK [2][-]{subsection.5.3.4}{\376\377\000C\000o\000n\000s\000i\000s\000t\000e\000n\000c\000y\000\040\000A\000c\000r\000o\000s\000s\000\040\000t\000h\000e\000\040\000S\000t\000o\000r\000e\000s}{section.5.3}% 85
\BOOKMARK [1][-]{section.5.4}{\376\377\000A\000p\000p\000l\000i\000c\000a\000t\000i\000o\000n\000\040\000P\000r\000o\000g\000r\000a\000m\000m\000i\000n\000g\000\040\000I\000n\000t\000e\000r\000f\000a\000c\000e\000\040\000D\000e\000s\000i\000g\000n}{chapter.5}% 86
\BOOKMARK [1][-]{section.5.5}{\376\377\000S\000e\000c\000u\000r\000i\000t\000y\000\040\000a\000n\000d\000\040\000A\000c\000c\000e\000s\000s\000\040\000C\000o\000n\000t\000r\000o\000l\000\040\000D\000e\000s\000i\000g\000n}{chapter.5}% 87
\BOOKMARK [2][-]{subsection.5.5.1}{\376\377\000A\000u\000t\000h\000e\000n\000t\000i\000c\000a\000t\000i\000o\000n\000\040\000a\000n\000d\000\040\000S\000e\000s\000s\000i\000o\000n\000s}{section.5.5}% 88
\BOOKMARK [2][-]{subsection.5.5.2}{\376\377\000C\000r\000o\000s\000s\000-\000S\000i\000t\000e\000\040\000R\000e\000q\000u\000e\000s\000t\000\040\000F\000o\000r\000g\000e\000r\000y\000\040\000P\000r\000o\000t\000e\000c\000t\000i\000o\000n}{section.5.5}% 89
\BOOKMARK [2][-]{subsection.5.5.3}{\376\377\000A\000c\000c\000e\000s\000s\000\040\000C\000o\000n\000t\000r\000o\000l}{section.5.5}% 90
\BOOKMARK [2][-]{subsection.5.5.4}{\376\377\000D\000a\000t\000a\000\040\000P\000r\000o\000t\000e\000c\000t\000i\000o\000n\000\040\000a\000n\000d\000\040\000A\000b\000u\000s\000e\000\040\000L\000i\000m\000i\000t\000a\000t\000i\000o\000n}{section.5.5}% 91
\BOOKMARK [1][-]{section.5.6}{\376\377\000U\000s\000e\000r\000\040\000I\000n\000t\000e\000r\000f\000a\000c\000e\000\040\000D\000e\000s\000i\000g\000n}{chapter.5}% 92
\BOOKMARK [2][-]{subsection.5.6.1}{\376\377\000S\000c\000r\000e\000e\000n\000\040\000S\000t\000r\000u\000c\000t\000u\000r\000e\000\040\000b\000y\000\040\000R\000o\000l\000e}{section.5.6}% 93
\BOOKMARK [2][-]{subsection.5.6.2}{\376\377\000D\000e\000s\000i\000g\000n\000\040\000P\000r\000i\000n\000c\000i\000p\000l\000e\000s}{section.5.6}% 94
\BOOKMARK [0][-]{chapter.6}{\376\377\000S\000y\000s\000t\000e\000m\000\040\000I\000m\000p\000l\000e\000m\000e\000n\000t\000a\000t\000i\000o\000n}{part.1}% 95
\BOOKMARK [1][-]{section.6.1}{\376\377\000E\000v\000a\000l\000u\000a\000t\000i\000o\000n\000\040\000a\000n\000d\000\040\000C\000h\000o\000i\000c\000e\000\040\000o\000f\000\040\000T\000e\000c\000h\000n\000o\000l\000o\000g\000i\000e\000s\000\040\000a\000n\000d\000\040\000M\000o\000d\000e\000l\000s}{chapter.6}% 96
\BOOKMARK [2][-]{subsection.6.1.1}{\376\377\000F\000r\000o\000n\000t\000-\000E\000n\000d\000\040\000T\000e\000c\000h\000n\000o\000l\000o\000g\000i\000e\000s}{section.6.1}% 97
\BOOKMARK [2][-]{subsection.6.1.2}{\376\377\000S\000e\000r\000v\000e\000r\000-\000S\000i\000d\000e\000\040\000T\000e\000c\000h\000n\000o\000l\000o\000g\000i\000e\000s}{section.6.1}% 98
\BOOKMARK [2][-]{subsection.6.1.3}{\376\377\000D\000a\000t\000a\000b\000a\000s\000e\000\040\000a\000n\000d\000\040\000S\000t\000o\000r\000a\000g\000e}{section.6.1}% 99
\BOOKMARK [2][-]{subsection.6.1.4}{\376\377\000A\000I\000\040\000M\000o\000d\000e\000l\000s}{section.6.1}% 100
\BOOKMARK [1][-]{section.6.2}{\376\377\000B\000a\000c\000k\000g\000r\000o\000u\000n\000d\000\040\000A\000I\000\040\000W\000o\000r\000k\000e\000r\000\040\000I\000m\000p\000l\000e\000m\000e\000n\000t\000a\000t\000i\000o\000n}{chapter.6}% 101
\BOOKMARK [2][-]{subsection.6.2.1}{\376\377\000M\000o\000d\000e\000l\000\040\000M\000a\000n\000a\000g\000e\000m\000e\000n\000t\000\040\000a\000n\000d\000\040\000P\000a\000c\000k\000a\000g\000i\000n\000g}{section.6.2}% 102
\BOOKMARK [2][-]{subsection.6.2.2}{\376\377\000R\000e\000s\000o\000u\000r\000c\000e\000\040\000L\000i\000m\000i\000t\000s\000\040\000a\000n\000d\000\040\000E\000r\000r\000o\000r\000\040\000H\000a\000n\000d\000l\000i\000n\000g}{section.6.2}% 103
\BOOKMARK [1][-]{section.6.3}{\376\377\000U\000s\000e\000r\000\040\000I\000n\000t\000e\000r\000f\000a\000c\000e\000\040\000I\000m\000p\000l\000e\000m\000e\000n\000t\000a\000t\000i\000o\000n}{chapter.6}% 104
\BOOKMARK [2][-]{subsection.6.3.1}{\376\377\000N\000a\000v\000i\000g\000a\000t\000i\000o\000n\000\040\000a\000n\000d\000\040\000C\000o\000m\000m\000u\000n\000i\000c\000a\000t\000i\000o\000n\000\040\000w\000i\000t\000h\000\040\000t\000h\000e\000\040\000S\000e\000r\000v\000e\000r}{section.6.3}% 105
\BOOKMARK [2][-]{subsection.6.3.2}{\376\377\000R\000e\000n\000d\000e\000r\000i\000n\000g\000\040\000P\000e\000r\000s\000o\000n\000\040\000I\000m\000a\000g\000e\000s\000\040\000i\000n\000\040\000t\000h\000e\000\040\000R\000e\000s\000u\000l\000t\000s}{section.6.3}% 106
\BOOKMARK [2][-]{subsection.6.3.3}{\376\377\000M\000a\000i\000n\000\040\000S\000c\000r\000e\000e\000n\000s}{section.6.3}% 107
\BOOKMARK [1][-]{section.6.4}{\376\377\000O\000p\000e\000r\000a\000t\000i\000o\000n\000\040\000M\000o\000n\000i\000t\000o\000r\000i\000n\000g}{chapter.6}% 108
\BOOKMARK [0][-]{chapter.7}{\376\377\000S\000y\000s\000t\000e\000m\000\040\000D\000e\000p\000l\000o\000y\000m\000e\000n\000t}{part.1}% 109
\BOOKMARK [1][-]{section.7.1}{\376\377\000E\000n\000v\000i\000r\000o\000n\000m\000e\000n\000t\000\040\000a\000n\000d\000\040\000D\000e\000p\000l\000o\000y\000m\000e\000n\000t\000\040\000P\000r\000o\000c\000e\000d\000u\000r\000e}{chapter.7}% 110
\BOOKMARK [1][-]{section.7.2}{\376\377\000T\000e\000s\000t\000\040\000D\000a\000t\000a\000\040\000a\000n\000d\000\040\000S\000i\000m\000u\000l\000a\000t\000e\000d\000\040\000C\000a\000m\000e\000r\000a\000s}{chapter.7}% 111
\BOOKMARK [0][-]{chapter.8}{\376\377\000T\000e\000s\000t\000i\000n\000g\000\040\000a\000n\000d\000\040\000E\000v\000a\000l\000u\000a\000t\000i\000o\000n}{part.1}% 112
\BOOKMARK [1][-]{section.8.1}{\376\377\000S\000o\000f\000t\000w\000a\000r\000e\000\040\000T\000e\000s\000t\000i\000n\000g}{chapter.8}% 113
\BOOKMARK [1][-]{section.8.2}{\376\377\000S\000e\000a\000r\000c\000h\000\040\000Q\000u\000a\000l\000i\000t\000y\000\040\000E\000v\000a\000l\000u\000a\000t\000i\000o\000n}{chapter.8}% 114
\BOOKMARK [1][-]{section.8.3}{\376\377\000P\000e\000r\000f\000o\000r\000m\000a\000n\000c\000e\000\040\000a\000n\000d\000\040\000C\000a\000m\000e\000r\000a\000\040\000S\000t\000r\000e\000a\000m\000\040\000H\000a\000n\000d\000l\000i\000n\000g}{chapter.8}% 115
\BOOKMARK [-1][-]{part.2}{\376\377\000I\000I\000\040\000S\000e\000m\000a\000n\000t\000i\000c\000\040\000R\000e\000a\000s\000o\000n\000i\000n\000g\000\040\000f\000o\000r\000\040\000T\000e\000x\000t\000-\000B\000a\000s\000e\000d\000\040\000P\000e\000r\000s\000o\000n\000\040\000S\000e\000a\000r\000c\000h}{}% 116
\BOOKMARK [0][-]{chapter.9}{\376\377\000S\000e\000m\000a\000n\000t\000i\000c\000\040\000R\000e\000a\000s\000o\000n\000i\000n\000g\000:\000\040\000M\000o\000t\000i\000v\000a\000t\000i\000o\000n\000\040\000a\000n\000d\000\040\000O\000v\000e\000r\000v\000i\000e\000w}{part.2}% 117
\BOOKMARK [1][-]{section.9.1}{\376\377\000M\000o\000t\000i\000v\000a\000t\000i\000o\000n\000\040\000a\000n\000d\000\040\000C\000o\000n\000t\000r\000i\000b\000u\000t\000i\000o\000n\000s}{chapter.9}% 118
\BOOKMARK [2][-]{subsection.9.1.1}{\376\377\000P\000r\000o\000b\000l\000e\000m}{section.9.1}% 119
\BOOKMARK [2][-]{subsection.9.1.2}{\376\377\000W\000h\000y\000\040\000a\000\040\000r\000e\000a\000s\000o\000n\000i\000n\000g\000\040\000l\000a\000y\000e\000r}{section.9.1}% 120
\BOOKMARK [2][-]{subsection.9.1.3}{\376\377\000C\000o\000n\000t\000r\000i\000b\000u\000t\000i\000o\000n\000s}{section.9.1}% 121
\BOOKMARK [1][-]{section.9.2}{\376\377\000T\000h\000e\000\040\000P\000i\000p\000e\000l\000i\000n\000e\000,\000\040\000a\000n\000d\000\040\000W\000h\000e\000r\000e\000\040\000t\000o\000\040\000I\000m\000p\000r\000o\000v\000e\000\040\000I\000t}{chapter.9}% 122
\BOOKMARK [2][-]{subsection.9.2.1}{\376\377\000T\000h\000e\000\040\000p\000i\000p\000e\000l\000i\000n\000e\000\040\000i\000n\000\040\000t\000h\000e\000\040\000a\000b\000s\000t\000r\000a\000c\000t}{section.9.2}% 123
\BOOKMARK [2][-]{subsection.9.2.2}{\376\377\000P\000o\000s\000s\000i\000b\000l\000e\000\040\000d\000i\000r\000e\000c\000t\000i\000o\000n\000s\000\040\000f\000o\000r\000\040\000i\000m\000p\000r\000o\000v\000e\000m\000e\000n\000t}{section.9.2}% 124
\BOOKMARK [2][-]{subsection.9.2.3}{\376\377\000Z\000A\000R\000A\000:\000\040\000r\000e\000l\000a\000t\000e\000d\000\040\000w\000o\000r\000k\000\040\000a\000n\000d\000\040\000i\000n\000s\000p\000i\000r\000a\000t\000i\000o\000n}{section.9.2}% 125
\BOOKMARK [1][-]{section.9.3}{\376\377\000S\000y\000s\000t\000e\000m\000\040\000O\000v\000e\000r\000v\000i\000e\000w}{chapter.9}% 126
\BOOKMARK [2][-]{subsection.9.3.1}{\376\377\000F\000i\000l\000l\000i\000n\000g\000\040\000t\000h\000e\000\040\000s\000l\000o\000t\000s}{section.9.3}% 127
\BOOKMARK [2][-]{subsection.9.3.2}{\376\377\000O\000f\000f\000l\000i\000n\000e\000\040\000i\000n\000d\000e\000x\000i\000n\000g}{section.9.3}% 128
\BOOKMARK [2][-]{subsection.9.3.3}{\376\377\000O\000n\000l\000i\000n\000e\000\040\000s\000e\000a\000r\000c\000h}{section.9.3}% 129
\BOOKMARK [0][-]{chapter.10}{\376\377\000A\000t\000t\000r\000i\000b\000u\000t\000e\000\040\000I\000n\000d\000e\000x\000\040\000a\000n\000d\000\040\000M\000u\000l\000t\000i\000-\000A\000g\000e\000n\000t\000\040\000R\000e\000a\000s\000o\000n\000i\000n\000g}{part.2}% 130
\BOOKMARK [1][-]{section.10.1}{\376\377\000T\000h\000e\000\040\000A\000t\000t\000r\000i\000b\000u\000t\000e\000\040\000I\000n\000d\000e\000x}{chapter.10}% 131
\BOOKMARK [2][-]{subsection.10.1.1}{\376\377\000S\000c\000h\000e\000m\000a}{section.10.1}% 132
\BOOKMARK [2][-]{subsection.10.1.2}{\376\377\000V\000i\000s\000u\000a\000l\000\040\000c\000o\000n\000t\000e\000x\000t}{section.10.1}% 133
\BOOKMARK [2][-]{subsection.10.1.3}{\376\377\000T\000h\000r\000e\000e\000\040\000d\000i\000f\000f\000e\000r\000e\000n\000t\000\040\000c\000o\000u\000n\000t\000s}{section.10.1}% 134
\BOOKMARK [2][-]{subsection.10.1.4}{\376\377\000T\000h\000e\000\040\000i\000m\000a\000g\000e\000-\000q\000u\000a\000l\000i\000t\000y\000\040\000p\000r\000o\000b\000l\000e\000m\000,\000\040\000a\000n\000d\000\040\000w\000h\000y\000\040\000v\000o\000t\000i\000n\000g\000\040\000d\000o\000e\000s\000\040\000n\000o\000t\000\040\000w\000o\000r\000k}{section.10.1}% 135
\BOOKMARK [1][-]{section.10.2}{\376\377\000M\000u\000l\000t\000i\000-\000A\000g\000e\000n\000t\000\040\000S\000e\000m\000a\000n\000t\000i\000c\000\040\000R\000e\000a\000s\000o\000n\000i\000n\000g}{chapter.10}% 136
\BOOKMARK [2][-]{subsection.10.2.1}{\376\377\000T\000h\000e\000\040\000f\000u\000n\000n\000e\000l}{section.10.2}% 137
\BOOKMARK [2][-]{subsection.10.2.2}{\376\377\000S\000t\000a\000g\000e\000\040\0000\000:\000\040\000q\000u\000e\000r\000y\000\040\000a\000n\000a\000l\000y\000s\000t}{section.10.2}% 138
\BOOKMARK [2][-]{subsection.10.2.3}{\376\377\000S\000t\000a\000g\000e\000\040\0001\000:\000\040\000a\000t\000t\000r\000i\000b\000u\000t\000e\000-\000v\000a\000l\000u\000e\000\040\000s\000e\000l\000e\000c\000t\000o\000r}{section.10.2}% 139
\BOOKMARK [2][-]{subsection.10.2.4}{\376\377\000S\000t\000a\000g\000e\000\040\0002\000A\000:\000\040\000e\000v\000i\000d\000e\000n\000c\000e\000\040\000r\000e\000a\000d\000e\000r}{section.10.2}% 140
\BOOKMARK [2][-]{subsection.10.2.5}{\376\377\000S\000t\000a\000g\000e\000\040\0002\000B\000:\000\040\000t\000h\000e\000\040\000r\000a\000n\000k\000e\000r}{section.10.2}% 141
\BOOKMARK [2][-]{subsection.10.2.6}{\376\377\000W\000h\000a\000t\000\040\000t\000h\000e\000\040\000C\000L\000I\000P\000\040\000s\000c\000o\000r\000e\000\040\000i\000s\000\040\000w\000o\000r\000t\000h\000\040\000i\000n\000s\000i\000d\000e\000\040\000t\000h\000e\000\040\000p\000o\000o\000l}{section.10.2}% 142
\BOOKMARK [2][-]{subsection.10.2.7}{\376\377\000S\000t\000a\000g\000e\000s\000\040\0003\000\040\000a\000n\000d\000\040\0004}{section.10.2}% 143
\BOOKMARK [2][-]{subsection.10.2.8}{\376\377\000E\000n\000g\000i\000n\000e\000e\000r\000i\000n\000g}{section.10.2}% 144
\BOOKMARK [0][-]{chapter.11}{\376\377\000E\000x\000p\000e\000r\000i\000m\000e\000n\000t\000s\000\040\000a\000n\000d\000\040\000R\000e\000s\000u\000l\000t\000s}{part.2}% 145
\BOOKMARK [1][-]{section.11.1}{\376\377\000E\000x\000p\000e\000r\000i\000m\000e\000n\000t\000a\000l\000\040\000S\000e\000t\000u\000p}{chapter.11}% 146
\BOOKMARK [2][-]{subsection.11.1.1}{\376\377\000D\000a\000t\000a\000s\000e\000t}{section.11.1}% 147
\BOOKMARK [2][-]{subsection.11.1.2}{\376\377\000M\000o\000d\000e\000l\000s}{section.11.1}% 148
\BOOKMARK [2][-]{subsection.11.1.3}{\376\377\000F\000u\000n\000n\000e\000l\000\040\000s\000i\000z\000e\000s\000\040\000a\000n\000d\000\040\000t\000o\000k\000e\000n\000\040\000b\000u\000d\000g\000e\000t}{section.11.1}% 149
\BOOKMARK [2][-]{subsection.11.1.4}{\376\377\000B\000a\000s\000e\000l\000i\000n\000e}{section.11.1}% 150
\BOOKMARK [2][-]{subsection.11.1.5}{\376\377\000M\000e\000t\000r\000i\000c\000s}{section.11.1}% 151
\BOOKMARK [1][-]{section.11.2}{\376\377\000R\000e\000s\000u\000l\000t\000s}{chapter.11}% 152
\BOOKMARK [2][-]{subsection.11.2.1}{\376\377\000M\000a\000i\000n\000\040\000c\000o\000m\000p\000a\000r\000i\000s\000o\000n}{section.11.2}% 153
\BOOKMARK [2][-]{subsection.11.2.2}{\376\377\000W\000h\000a\000t\000\040\000t\000h\000e\000\040\000f\000u\000n\000n\000e\000l\000\040\000c\000h\000a\000n\000g\000e\000d\000:\000\040\000r\000e\000s\000c\000u\000e\000d\000\040\000a\000n\000d\000\040\000l\000o\000s\000t}{section.11.2}% 154
\BOOKMARK [2][-]{subsection.11.2.3}{\376\377\000W\000h\000e\000r\000e\000\040\000t\000h\000e\000\040\000l\000o\000s\000s\000e\000s\000\040\000h\000a\000p\000p\000e\000n}{section.11.2}% 155
\BOOKMARK [2][-]{subsection.11.2.4}{\376\377\000I\000s\000\040\000t\000h\000e\000\040\000r\000a\000n\000k\000e\000r\000\040\000t\000h\000e\000\040\000b\000o\000t\000t\000l\000e\000n\000e\000c\000k\000?\000\040\000A\000\040\000t\000a\000r\000g\000e\000t\000e\000d\000\040\000r\000e\000-\000r\000u\000n}{section.11.2}% 156
\BOOKMARK [2][-]{subsection.11.2.5}{\376\377\000C\000a\000s\000e\000\040\000s\000t\000u\000d\000i\000e\000s}{section.11.2}% 157
\BOOKMARK [2][-]{subsection.11.2.6}{\376\377\000E\000r\000r\000o\000r\000\040\000a\000n\000a\000l\000y\000s\000i\000s}{section.11.2}% 158
\BOOKMARK [1][-]{section.11.3}{\376\377\000A\000b\000l\000a\000t\000i\000o\000n\000s\000\040\000a\000n\000d\000\040\000D\000e\000s\000i\000g\000n\000\040\000D\000e\000c\000i\000s\000i\000o\000n\000s}{chapter.11}% 159
\BOOKMARK [1][-]{section.11.4}{\376\377\000E\000v\000a\000l\000u\000a\000t\000i\000o\000n\000\040\000T\000o\000o\000l\000i\000n\000g\000\040\000a\000n\000d\000\040\000R\000e\000p\000r\000o\000d\000u\000c\000i\000b\000i\000l\000i\000t\000y}{chapter.11}% 160
\BOOKMARK [0][-]{chapter.12}{\376\377\000C\000o\000n\000c\000l\000u\000s\000i\000o\000n\000\040\000a\000n\000d\000\040\000F\000u\000t\000u\000r\000e\000\040\000W\000o\000r\000k}{part.2}% 161
\BOOKMARK [1][-]{section.12.1}{\376\377\000A\000c\000h\000i\000e\000v\000e\000m\000e\000n\000t\000s}{chapter.12}% 162
\BOOKMARK [2][-]{subsection.12.1.1}{\376\377\000P\000a\000r\000t\000\040\000I\000:\000\040\000T\000h\000e\000\040\000A\000p\000p\000l\000i\000c\000a\000t\000i\000o\000n}{section.12.1}% 163
\BOOKMARK [2][-]{subsection.12.1.2}{\376\377\000P\000a\000r\000t\000\040\000I\000I\000:\000\040\000T\000h\000e\000\040\000R\000e\000a\000s\000o\000n\000i\000n\000g\000\040\000L\000a\000y\000e\000r}{section.12.1}% 164
\BOOKMARK [1][-]{section.12.2}{\376\377\000L\000i\000m\000i\000t\000a\000t\000i\000o\000n\000s}{chapter.12}% 165
\BOOKMARK [2][-]{subsection.12.2.1}{\376\377\000P\000a\000r\000t\000\040\000I\000:\000\040\000T\000h\000e\000\040\000A\000p\000p\000l\000i\000c\000a\000t\000i\000o\000n}{section.12.2}% 166
\BOOKMARK [2][-]{subsection.12.2.2}{\376\377\000P\000a\000r\000t\000\040\000I\000I\000:\000\040\000T\000h\000e\000\040\000R\000e\000a\000s\000o\000n\000i\000n\000g\000\040\000L\000a\000y\000e\000r}{section.12.2}% 167
\BOOKMARK [1][-]{section.12.3}{\376\377\000F\000u\000t\000u\000r\000e\000\040\000W\000o\000r\000k}{chapter.12}% 168
\BOOKMARK [2][-]{subsection.12.3.1}{\376\377\000P\000a\000r\000t\000\040\000I\000:\000\040\000T\000h\000e\000\040\000A\000p\000p\000l\000i\000c\000a\000t\000i\000o\000n}{section.12.3}% 169
\BOOKMARK [2][-]{subsection.12.3.2}{\376\377\000B\000r\000i\000n\000g\000i\000n\000g\000\040\000t\000h\000e\000\040\000T\000w\000o\000\040\000P\000a\000r\000t\000s\000\040\000T\000o\000g\000e\000t\000h\000e\000r}{section.12.3}% 170
\BOOKMARK [0][-]{chapter*.152}{\376\377\000R\000e\000f\000e\000r\000e\000n\000c\000e\000s}{part.2}% 171
\BOOKMARK [0][-]{appendix.A}{\376\377\000S\000y\000s\000t\000e\000m\000\040\000P\000r\000o\000m\000p\000t\000s\000\040\000o\000f\000\040\000P\000a\000r\000t\000\040\000I\000I}{part.2}% 172
\BOOKMARK [1][-]{section.A.1}{\376\377\000S\000t\000a\000g\000e\000\040\0000\000:\000\040\000q\000u\000e\000r\000y\000\040\000a\000n\000a\000l\000y\000s\000t}{appendix.A}% 173
\BOOKMARK [1][-]{section.A.2}{\376\377\000S\000t\000a\000g\000e\000\040\0001\000:\000\040\000a\000t\000t\000r\000i\000b\000u\000t\000e\000-\000v\000a\000l\000u\000e\000\040\000s\000e\000l\000e\000c\000t\000o\000r}{appendix.A}% 174
\BOOKMARK [1][-]{section.A.3}{\376\377\000S\000t\000a\000g\000e\000\040\0003\000:\000\040\000t\000h\000e\000\040\000r\000e\000f\000i\000n\000e\000\040\000s\000e\000l\000e\000c\000t\000o\000r\000'\000s\000\040\000i\000n\000s\000e\000r\000t\000i\000o\000n}{appendix.A}% 175
\BOOKMARK [1][-]{section.A.4}{\376\377\000S\000t\000a\000g\000e\000\040\0002\000A\000\040\000/\000\040\0004\000A\000:\000\040\000e\000v\000i\000d\000e\000n\000c\000e\000\040\000r\000e\000a\000d\000e\000r}{appendix.A}% 176
\BOOKMARK [1][-]{section.A.5}{\376\377\000S\000t\000a\000g\000e\000\040\0002\000B\000\040\000/\000\040\0004\000B\000:\000\040\000t\000h\000e\000\040\000r\000a\000n\000k\000e\000r}{appendix.A}% 177
\BOOKMARK [1][-]{section.A.6}{\376\377\000T\000h\000e\000\040\000c\000o\000v\000e\000r\000a\000g\000e\000\040\000b\000l\000o\000c\000k\000s}{appendix.A}% 178
